  fruit-looper                       4 frame(s)  $88  IN
  fruit-looper-chenille              4 frame(s)  $88  IN
  yuppie-scum                        2 frame(s)  $98  IN
  parparazzi                         4 frame(s)  $88  IN
  transfused                         4 frame(s)  $88  IN
  crayon-clouds                      3 frame(s)  $88  IN
  sand-mosaic                        3 frame(s)  $38  IN
  digital-drops                      3 frame(s)  $88  IN
  multi-mosaic                       3 frame(s)  $88  IN
  azalea                             3 frame(s)  $68  IN
  magnolia                           3 frame(s)  $68  IN
  yellow-jasmine                     3 frame(s)  $68  IN
  hally-sherbet                      3 frame(s)  $38  IN
  hally-cotton-candy                 3 frame(s)  $38  IN
  hally-blue-raspberry               3 frame(s)  $38  IN
  hally-grapeness                    3 frame(s)  $38  IN
  hally-sea-foam                     3 frame(s)  $38  IN
  chamonix                           2 frame(s)  $108  IN
  st-moritz                          2 frame(s)  $98  IN
  alta                               2 frame(s)  $88  IN
  mad-river-glen                     2 frame(s)  $108  IN
  sugarloaf                          1 frame(s)  $128  IN
  heavenly-valley                    2 frame(s)  $118  IN
  lacc                               3 frame(s)  $118  IN
  olympic-club                       1 frame(s)  $138  IN
  pine-tree                          3 frame(s)  $138  IN
  sea-pines                          3 frame(s)  $118  IN
  wianno                             4 frame(s)  $128  IN
  wilshire                           3 frame(s)  $108  IN
  sweater-payne                      2 frame(s)  $98  IN
  sweater-snead                      2 frame(s)  $98  IN
  sweater-jack                       2 frame(s)  $98  IN
  sweater-ernie                      2 frame(s)  $98  IN
  sweater-watson                     2 frame(s)  $88  IN
  send-your-patch                    4 frame(s)  $118  IN
  reversible                         2 frame(s)  $118  IN
  big-retro-cream                    4 frame(s)  $118  IN
  dancing-bears                      2 frame(s)  $128  IN
  steal-clubface                     4 frame(s)  $88  IN
  steal-clubface-putter              3 frame(s)  $88  IN
  mini-bears-mallet                  4 frame(s)  $108  IN
  bear-green-navy                    3 frame(s)  $88  IN
  bear-blue                          3 frame(s)  $88  IN
  bear-pink                          3 frame(s)  $88  IN
  bear-orange                        3 frame(s)  $88  IN

wrote 40 new file(s); 0 handle(s) missing
